Testing Chat RAG for user 369562d1-7899-4e4f-9115-c33ca1742b54...

--- Sending Request ---

--- Response Received ---
Full Answer:
========================================
[{'type': 'text', 'text': 'Rice farming is one of the most heavily regulated and supported agricultural sectors in the world because rice is a primary staple for more than half the global population. Policies generally focus on four goals: **food security, price stability, farmer livelihoods, and environmental sustainability.**\n\nHere are the key policies for rice farming, categorized by their primary function:\n\n---\n\n### 1. Price Support and Market Intervention\nGovernments use these tools to ensure farmers earn a minimum income and to prevent food riots caused by price spikes.\n*   **Minimum Support Prices (MSP):** Common in countries like India and Thailand, the government guarantees it will buy rice from farmers at a fixed price if market prices fall below a certain level.\n*   **Public Procurement and Buffer Stocks:** Governments purchase large quantities of rice during harvest to store in national silos. This rice is released during shortages to stabilize prices or distributed to the poor through subsidized programs.\n*   **Direct Income Support:** Instead of fixing prices, some countries (like the US or EU) provide direct cash payments to farmers to decouple support from production levels, reducing market distortion.\n\n### 2. Input Subsidies\nTo lower the cost of production and encourage high yields, governments often subsidize the "inputs" required for rice farming.\n*   **Fertilizer Subsidies:** Providing chemical fertilizers (like Urea) at below-market rates.\n*   **Seed Subsidies:** Distributing High-Yielding Varieties (HYVs) or climate-resilient seeds (drought or salt-tolerant) at discounted prices.\n*   **Electricity and Water:** In many Asian countries, electricity for irrigation pumps is provided for free or at a highly subsidized flat rate.\n\n### 3. Trade Policies\nRice is a politically sensitive commodity, leading many nations to restrict its movement across borders.\n*   **Export Bans and Quotas:** To ensure domestic food security, major exporters (like India or Vietnam) may occasionally ban exports to keep local prices low.\n*   **Import Tariffs:** High taxes on imported rice are used to protect domestic farmers from being undercut by cheaper rice from abroad (common in Japan and South Korea).\n*   **Self-Sufficiency Targets:** Many nations (like Indonesia and the Philippines) have explicit policies aimed at producing 100% of the rice they consume to reduce reliance on global markets.\n\n### 4. Research, Development, and Extension (R&D)\nPolicy focus has shifted toward "Sustainable Intensification"—producing more rice with fewer resources.\n*   **The Green Revolution Legacy:** Continued funding for institutes like the International Rice Research Institute (IRRI) to develop "Golden Rice" (vitamin-A enriched) or "Scuba Rice" (flood-tolerant).\n*   **Extension Services:** Government-funded programs that teach farmers modern techniques, such as the **System of Rice Intensification (SRI)**, which uses less water and fewer seeds.\n\n### 5. Environmental and Climate Policies\nRice production is a major source of methane (a potent greenhouse gas) and consumes vast amounts of water. New policies aim to mitigate this.\n*   **Water Management (AWD):** Policies promoting **Alternate Wetting and Drying (AWD)**, where fields are not kept permanently flooded, reducing water use by 30% and methane emissions by 50%.\n*   **Stubble Management:** Policies and subsidies for machinery (like "Happy Seeders") to discourage farmers from burning rice straw, which causes severe air pollution in regions like Northern India.\n*   **Carbon Credits:** Emerging policies that pay rice farmers for sequestering carbon or reducing methane emissions.\n\n### 6. Land and Infrastructure Policy\n*   **Land Tenure Reform:** Ensuring farmers have legal ownership or long-term leases, which encourages them to invest in land leveling and irrigation.\n*   **Irrigation Infrastructure:** Large-scale government investment in dams, canals, and solar-powered irrigation systems.\n*   **Post-Harvest Infrastructure:** Funding for modern rice mills and cold storage to reduce the "post-harvest loss" (which can be as high as 20–30% in developing nations).\n\n---\n\n### Summary of Regional Approaches:\n*   **Asia (India, China, SE Asia):** Focuses heavily on **food security** through price supports, input subsidies, and public distribution systems.\n*   **United States/EU:** Focuses on **income support** and **environmental compliance** (conservation programs).\n*   **Africa:** Focuses on **import substitution**—trying to increase local production to reduce the heavy financial burden of importing rice from Asia.\n\n### The Major Policy Trade-off\nThe biggest challenge for policymakers is the **"Food Policy Dilemma"**:\n*   **Farmers** want high prices to increase their income.\n*   **Consumers** (especially the urban poor) want low prices to afford food.\n*   **Governments** must use subsidies and trade controls to balance these two conflicting needs, often at a high fiscal cost.', 'extras': {'signature': 'EsYWCsMWAb4+9vtAh5ErTdzuB/zj/SY7bDA3sOn1dZYF+5a86XTlsNHrBvKMEUheOCTLO2ghG79Onu8WY7t45FH4u2ylZgKhLiTN3U1gtkzO9fjbd8uqMElTZga5O0W8PWDgBvZ8FpJ2uMp3o3/oojgDx4sh2ZGoO5vjXvWEKjcbE9YfVB9KL6njRNQFsg0jDWZbhxOKcJiozE0+pbFVbGSC3lHp/8SRU0pjCrqh9YqTEsbGPQ06D9TZHv/ZFsCCSb4Mm54OchG8uUNhZec9yPHpy5oat4IFtD0e7Byx0SEpcOzhE3Cb39wYxoleO727sx0yMRCMpEk9SAe917dge9I4agjMzwLa/Pm4t+rWnP48g1ltkB6gGsWsrGzPbmUXG4PblR5/VBKqpXEtk+Y80DCUP7SrIbb9G9qCTfj/dd/pAf8EgniQB8Ua3aG3ziCCn42rxIpJdCPlBk+audO+UCYRu89nVnPytk3VgZIMtmwhMwAnqf5QXc/c7JmGkMusF48m46+cKqbYXavNdfN2IHPhgQO2Zli4H98TuXCkFGh2XynoQZMnqMR9049efPuxb4XBqmU8koQJnOvQqbwxvHPloLulwxCVvnvQ7T/ZVHXu9vUh6g2uupKrz1WBxmxiAZ2PuN4fVoqk6fG6iZ36O16ju6SAKRf1HPpatf8l+++BVo4/p+QOiqtykmLJvMN2qVhHyy67lXMCXInSPAhAOkCQDJhzGrdEqwSeSxDovwu5H/WE/Hl4wIWNJlueCtwti7VJd+wqKdtvGUElWcD/tE5maGBOELBRkVVBvrdpM70XutPQzgiw7dq+ruNrOUkU/wyfokO/OsA+rbkdVinAjM8T2UQXvyjHrBWBzhWhECXSLh9vFi4h0JpWVMXciSgciU8/YHA08bzGaJiYBn2oW2piE9c+Vf7iSoBGO8uYKssalCxrvx6j3ADXnbKMtkbbe/hjDMb2TTPa9SGvlDUIku5TJOI432Vai+GRjf0RQXL/W2OSCarxleToh/u66yhxy2h83s6lBEEQgdxF970IVXUNEhImAF1bZnbznOM7M3du88f47u47aIvFKtXcO6MtV1UeVvC5L5EC954RDYcQkfm0U1KCiyg5PAGORpJJXf0YDFac2rel1eKaKTpCxxsP5bkNfbZdYJI7O+R9uEi+7RV5PkX0SGMLTMgnzE5AL4To9QlZHlyDEwfxfhqMR4dIIjmNbELry92zLKOxkxfskpwr4LjJRckuUbmeOP2DkFIWcXurgj4LCte1QDOQyqxPXAn+n0PNktFOqZ9lG7bqGxElxFvuJY6/tIDGbZgcfOMulBS2rEtuOJpGApu8YvjNWaUWpXOOUoSn4NhA/nj6YS+fOUVXNm+H51f2p3F5KDKLBXApWQx4sunm/d4FH+mnFLiV1Veuvlu4pof6blGZzI0dOrzUSh0GQFUQ/epeY1Chg1P+GeTLvGM4IzCmscqL1LWvQTdLwrffwaBvjPpQXG8xlchKL9QwnQznWwIP4U5qItn7CCcRrqzbbHCQO+Zv/moh7HlcjbiXjhj9omSc4Chh2kU+ewexoMN2VeH+Cm4S06wb5UZqFI82/Tj/zxfeNqQ8Mzq59gF7ipcCwhNQGbP3M3shDYt8xU/IY7kALvmtW5zMDgehfpMP5ahNB4AUi9HpVYXDdlaB1RiZGdcSkLE2B1f1rlWnmce6hSUNEMoTyFaT3DO4blkCwpWs4uE0EcJm40Z0Z3Oonjq/famiLBEx2mjK1xqt+Ffao/cRBdsHiFydhLJW/RY/RDI5/Om2ODLC5cWDsrjKm5Vbqger2CWNyf/xsTz4BH1VH3Pir4Jwb69+K0KdgZo9i/X8Bu+uvXZdctK1iQpjJSIdTmGhKs+OGem1DbAv+UcsFOGvebkT6z/IHWhZl2mtp9hvhSNKLSiO7OpP8d12qz3no6ys7tKsSUr9oM41mN7ZCnNQ7rcCe0FUxIvwWk0UnJKNZaDTVASiNyGdhQsp96+FaaArKcshRXFIbkbZ6bXFDtd51gHaeQXt3TMmHlgDW64ONr66Qal4hEcgCG/hAw+MDcnVkEaclNSbhi2aqUFk4JiD4UcWx39x8mZsXLlzpLAPjNirdS56SHLx736S+9Letzr2yK8+A2QjDQ6WuFx0HKrx4Z1ZpfO5SY0NpxO/m7nUOeMn13MK9Mlm42BnO1jbmSuDt+PsnuenoGLF4ayxqoB4HgFxSzUutr9L8H6NdnAK2GFPiSieqLCLn5op5TwZFnmTnQgGxgC/BX35qMunN2iGqsvrmaW33Mr1sJCxzxUuKgO0Lk8XGhfwRfNxa3/BAtlCmSVHEAystgf0Tm/4dGBsAfeAhQLWGutWKX7+kncy5HwcAFYFs+BRMtceg26nqAqmgKaE9AnJjDa/qkO5x1wuzyA4ttZWUIrNyoPqizVt6+/Q8LIIG51WrNgU2aKg5mphT22gkfmh/t9CiUJ37OfERdURJXaZgoEXuGWtuuVjAxfKoqu40li+sxDgTL6IxbOGps/2W6wxWb/nPx3h/6MAxcYDdEQcmqNJcmwuqrKAMOmWvKT56nWd6rAttqEhkoZ7hNo8dBWR4VAcAIcRUK8ZkHgVaRsA3qg6ibpab2F4fyEjy57jq9XlHefYbXIQeUOFO71Tp62+cYIMSxZkyiPK7cZajaErjROHK+tfZsz+uwVW3mFQLO3DH+akiu2b/TqIFKlr9SaEEHRclhvj4IMge+3bgmtN5xSHaTTBaQTpjQIJvdJ8sgfZLLm6nxD7bkqtVdacfXKE0hpGSpZIscCLk0jXWziZLzXFFlAMpjVL+u1EhGFX55jVtmcxnGpnmHe6Jx67ctC3rixbl+/NXGay8P+s5qm5oarv5qY69UCRscrkXmBnD6DHG9pD19QXbYaGOc36HWPvNsCkN3xMjIx59B/8F7tDq60jzFuwymAKDd41Svmh7nyoKDFnoFHhPn/dPeJQFGiCQ/XgSReXaFkyOsQWYEW8ZPXhK/JAQA7kZx5AL7NanPSth5gSPuvDGLgzg8CNIgIjISmLYzTqvtuxv0M0T6ehvNP9wJ6hhJCFDgETUT7m7/nFHhtupi21MuNURTlOycA4kBjAZJIvr96a32OUzmLDkFz75q3gjwGq8B61rw68W0Gj9l1R9h6xfhLh/x0k4S5Td5flMZ4Nhzt6XeU6Ln2OItAWnwD0IvGf2cCMo9mN+u9n+P8rya1iXMforE8IGtQ2HEHvqlTmP4jp9Ohcl2mdQDyqkfsHDknXzqKDIRAfOJHX6VTVrH0kceICVJl+9Ykp0ukKbPNkZjyCp19A46zmknoNCS3RMUuEmfcTecJ9tMfrIQs1KydvXOnzFf4ZAYndoePR6Ef4WZvaP1n5HQ5npkTJQD5VgEmVKAviYPMa3NUk2yTB9Zmn58Gnrq0DRRavlnHqLV3VJKpu2a6wyx9XBnfnTn2RPYATtUiS25V5OPl/y1ixD76hvLC75Mwz21415YN/zrh7qg7WDIAvqNtXk7CK5OetO+8OuohEmAn/IEgYa9xYQUoIOzitXqIc32ZpIHOvDXqNw9ysi213i+MbK5hYDDjR3AvvGH/Q6rue4KsYd3njBeW1gBdAiMSK7zRj8fLJivbJQdm5Wp5qmw77dufpoGI/1x2G3zR9idC58hG5Ir2OfOFFqezf0wQbIw8F2U0x6Dq/pjw5/p4YGVkRR5RYJd83GahnL+Bhb7CgeHN0o6qUVMIv3KG6LbtoP5D9+CLUGG6eRP+tCGSmBfi19gBoU1eJ1UKsQvzn5SknVPkLp1ZmakSLJ6C1pO1Wv+9CvOf19Z5ukrOHfpgxzl7A1hedLzzBMcmHeGbkccYQlhAgQQi3'}}]
========================================
Time taken: 33.20s
